Cleaned all __pycache__ and .pyc files.
Fixed imports in /home/pong/Projects/DUO/llm_code_generator.py.
Fixed shebang and permissions in /home/pong/Projects/DUO/llm_code_generator.py.
Fixed imports in /home/pong/Projects/DUO/start_nexus.py.
Fixed shebang and permissions in /home/pong/Projects/DUO/start_nexus.py.
Fixed imports in /home/pong/Projects/DUO/heal_project.py.
Fixed shebang and permissions in /home/pong/Projects/DUO/heal_project.py.
Fixed imports in /home/pong/Projects/DUO/scribe0.py.
Fixed shebang and permissions in /home/pong/Projects/DUO/scribe0.py.
Fixed imports in /home/pong/Projects/DUO/omnitide_vscode_bridge.py.
Fixed shebang and permissions in /home/pong/Projects/DUO/omnitide_vscode_bridge.py.
Fixed imports in /home/pong/Projects/DUO/exworkagent0.py.
Fixed shebang and permissions in /home/pong/Projects/DUO/exworkagent0.py.
Fixed imports in /home/pong/Projects/DUO/vectorize_constitution.py.
Fixed shebang and permissions in /home/pong/Projects/DUO/vectorize_constitution.py.
Fixed imports in /home/pong/Projects/DUO/scripts/check_alignment.py.
Cleaned all __pycache__ and .pyc files.
Fixed imports in /home/pong/Projects/DUO/llm_code_generator.py.
Fixed shebang and permissions in /home/pong/Projects/DUO/llm_code_generator.py.
Fixed imports in /home/pong/Projects/DUO/start_nexus.py.
Fixed shebang and permissions in /home/pong/Projects/DUO/start_nexus.py.
Fixed imports in /home/pong/Projects/DUO/heal_project.py.
Fixed shebang and permissions in /home/pong/Projects/DUO/heal_project.py.
Fixed imports in /home/pong/Projects/DUO/scribe0.py.
Fixed shebang and permissions in /home/pong/Projects/DUO/scribe0.py.
Fixed imports in /home/pong/Projects/DUO/omnitide_vscode_bridge.py.
Fixed shebang and permissions in /home/pong/Projects/DUO/omnitide_vscode_bridge.py.
Fixed imports in /home/pong/Projects/DUO/exworkagent0.py.
Fixed shebang and permissions in /home/pong/Projects/DUO/exworkagent0.py.
Fixed imports in /home/pong/Projects/DUO/vectorize_constitution.py.
Fixed shebang and permissions in /home/pong/Projects/DUO/vectorize_constitution.py.
Fixed imports in /home/pong/Projects/DUO/scripts/check_alignment.py.
Cleaned all __pycache__ and .pyc files.
Fixed imports in /home/pong/Projects/DUO/llm_code_generator.py.
Fixed shebang and permissions in /home/pong/Projects/DUO/llm_code_generator.py.
Fixed imports in /home/pong/Projects/DUO/start_nexus.py.
Fixed shebang and permissions in /home/pong/Projects/DUO/start_nexus.py.
Fixed imports in /home/pong/Projects/DUO/heal_project.py.
Fixed shebang and permissions in /home/pong/Projects/DUO/heal_project.py.
Fixed imports in /home/pong/Projects/DUO/scribe0.py.
Fixed shebang and permissions in /home/pong/Projects/DUO/scribe0.py.
Fixed imports in /home/pong/Projects/DUO/omnitide_vscode_bridge.py.
Fixed shebang and permissions in /home/pong/Projects/DUO/omnitide_vscode_bridge.py.
Fixed imports in /home/pong/Projects/DUO/exworkagent0.py.
Fixed shebang and permissions in /home/pong/Projects/DUO/exworkagent0.py.
Fixed imports in /home/pong/Projects/DUO/vectorize_constitution.py.
Fixed shebang and permissions in /home/pong/Projects/DUO/vectorize_constitution.py.
Fixed imports in /home/pong/Projects/DUO/scripts/check_alignment.py.
Cleaned all __pycache__ and .pyc files.
Fixed imports in /home/pong/Projects/DUO/llm_code_generator.py.
Fixed shebang and permissions in /home/pong/Projects/DUO/llm_code_generator.py.
Fixed imports in /home/pong/Projects/DUO/start_nexus.py.
Fixed shebang and permissions in /home/pong/Projects/DUO/start_nexus.py.
Fixed imports in /home/pong/Projects/DUO/heal_project.py.
Fixed shebang and permissions in /home/pong/Projects/DUO/heal_project.py.
Fixed imports in /home/pong/Projects/DUO/scribe0.py.
Fixed shebang and permissions in /home/pong/Projects/DUO/scribe0.py.
Fixed imports in /home/pong/Projects/DUO/omnitide_vscode_bridge.py.
Fixed shebang and permissions in /home/pong/Projects/DUO/omnitide_vscode_bridge.py.
Fixed imports in /home/pong/Projects/DUO/exworkagent0.py.
Fixed shebang and permissions in /home/pong/Projects/DUO/exworkagent0.py.
Fixed imports in /home/pong/Projects/DUO/vectorize_constitution.py.
Fixed shebang and permissions in /home/pong/Projects/DUO/vectorize_constitution.py.
Fixed imports in /home/pong/Projects/DUO/scripts/check_alignment.py.
Cleaned all __pycache__ and .pyc files.
Fixed imports in /home/pong/Projects/DUO/llm_code_generator.py.
Fixed shebang and permissions in /home/pong/Projects/DUO/llm_code_generator.py.
Fixed imports in /home/pong/Projects/DUO/start_nexus.py.
Fixed shebang and permissions in /home/pong/Projects/DUO/start_nexus.py.
Fixed imports in /home/pong/Projects/DUO/heal_project.py.
Fixed shebang and permissions in /home/pong/Projects/DUO/heal_project.py.
Fixed imports in /home/pong/Projects/DUO/scribe0.py.
Fixed shebang and permissions in /home/pong/Projects/DUO/scribe0.py.
Fixed imports in /home/pong/Projects/DUO/omnitide_vscode_bridge.py.
Fixed shebang and permissions in /home/pong/Projects/DUO/omnitide_vscode_bridge.py.
Fixed imports in /home/pong/Projects/DUO/exworkagent0.py.
Fixed shebang and permissions in /home/pong/Projects/DUO/exworkagent0.py.
Fixed imports in /home/pong/Projects/DUO/vectorize_constitution.py.
Fixed shebang and permissions in /home/pong/Projects/DUO/vectorize_constitution.py.
Fixed imports in /home/pong/Projects/DUO/scripts/check_alignment.py.
Saved undo snapshot for 1251 files.
Cleaned all __pycache__ and .pyc files.
Fixed imports in /home/pong/Projects/DUO/llm_code_generator.py.
Fixed shebang and permissions in /home/pong/Projects/DUO/llm_code_generator.py.
Fixed imports in /home/pong/Projects/DUO/start_nexus.py.
Fixed shebang and permissions in /home/pong/Projects/DUO/start_nexus.py.
Fixed imports in /home/pong/Projects/DUO/heal_project.py.
Fixed shebang and permissions in /home/pong/Projects/DUO/heal_project.py.
Fixed imports in /home/pong/Projects/DUO/scribe0.py.
Fixed shebang and permissions in /home/pong/Projects/DUO/scribe0.py.
Fixed imports in /home/pong/Projects/DUO/omnitide_vscode_bridge.py.
Fixed shebang and permissions in /home/pong/Projects/DUO/omnitide_vscode_bridge.py.
Fixed imports in /home/pong/Projects/DUO/exworkagent0.py.
Fixed shebang and permissions in /home/pong/Projects/DUO/exworkagent0.py.
Fixed imports in /home/pong/Projects/DUO/vectorize_constitution.py.
Fixed shebang and permissions in /home/pong/Projects/DUO/vectorize_constitution.py.
Fixed imports in /home/pong/Projects/DUO/scripts/check_alignment.py.
Saved undo snapshot for 1251 files.
Cleaned all __pycache__ and .pyc files.
Fixed imports in /home/pong/Projects/DUO/llm_code_generator.py.
Fixed shebang and permissions in /home/pong/Projects/DUO/llm_code_generator.py.
Fixed imports in /home/pong/Projects/DUO/start_nexus.py.
Fixed shebang and permissions in /home/pong/Projects/DUO/start_nexus.py.
Fixed imports in /home/pong/Projects/DUO/heal_project.py.
Fixed shebang and permissions in /home/pong/Projects/DUO/heal_project.py.
Fixed imports in /home/pong/Projects/DUO/scribe0.py.
Fixed shebang and permissions in /home/pong/Projects/DUO/scribe0.py.
Fixed imports in /home/pong/Projects/DUO/omnitide_vscode_bridge.py.
Fixed shebang and permissions in /home/pong/Projects/DUO/omnitide_vscode_bridge.py.
Fixed imports in /home/pong/Projects/DUO/exworkagent0.py.
Fixed shebang and permissions in /home/pong/Projects/DUO/exworkagent0.py.
Fixed imports in /home/pong/Projects/DUO/vectorize_constitution.py.
Fixed shebang and permissions in /home/pong/Projects/DUO/vectorize_constitution.py.
Fixed imports in /home/pong/Projects/DUO/scripts/check_alignment.py.
Saved undo snapshot for 1251 files.
Cleaned all __pycache__ and .pyc files.
Fixed imports in /home/pong/Projects/DUO/llm_code_generator.py.
Fixed shebang and permissions in /home/pong/Projects/DUO/llm_code_generator.py.
Fixed imports in /home/pong/Projects/DUO/start_nexus.py.
Fixed shebang and permissions in /home/pong/Projects/DUO/start_nexus.py.
Fixed imports in /home/pong/Projects/DUO/heal_project.py.
Fixed shebang and permissions in /home/pong/Projects/DUO/heal_project.py.
Fixed imports in /home/pong/Projects/DUO/scribe0.py.
Fixed shebang and permissions in /home/pong/Projects/DUO/scribe0.py.
Fixed imports in /home/pong/Projects/DUO/omnitide_vscode_bridge.py.
Fixed shebang and permissions in /home/pong/Projects/DUO/omnitide_vscode_bridge.py.
Fixed imports in /home/pong/Projects/DUO/exworkagent0.py.
Fixed shebang and permissions in /home/pong/Projects/DUO/exworkagent0.py.
Fixed imports in /home/pong/Projects/DUO/vectorize_constitution.py.
Fixed shebang and permissions in /home/pong/Projects/DUO/vectorize_constitution.py.
Fixed imports in /home/pong/Projects/DUO/scripts/check_alignment.py.
Saved undo snapshot for 1251 files.
Cleaned all __pycache__ and .pyc files.
Fixed imports in /home/pong/Projects/DUO/llm_code_generator.py.
Fixed shebang and permissions in /home/pong/Projects/DUO/llm_code_generator.py.
Fixed imports in /home/pong/Projects/DUO/start_nexus.py.
Fixed shebang and permissions in /home/pong/Projects/DUO/start_nexus.py.
Fixed imports in /home/pong/Projects/DUO/heal_project.py.
Fixed shebang and permissions in /home/pong/Projects/DUO/heal_project.py.
Fixed imports in /home/pong/Projects/DUO/scribe0.py.
Fixed shebang and permissions in /home/pong/Projects/DUO/scribe0.py.
Fixed imports in /home/pong/Projects/DUO/omnitide_vscode_bridge.py.
Fixed shebang and permissions in /home/pong/Projects/DUO/omnitide_vscode_bridge.py.
Fixed imports in /home/pong/Projects/DUO/exworkagent0.py.
Fixed shebang and permissions in /home/pong/Projects/DUO/exworkagent0.py.
Fixed imports in /home/pong/Projects/DUO/vectorize_constitution.py.
Fixed shebang and permissions in /home/pong/Projects/DUO/vectorize_constitution.py.
Fixed imports in /home/pong/Projects/DUO/scripts/check_alignment.py.
Saved undo snapshot for 1251 files.
Cleaned all __pycache__ and .pyc files.
Fixed imports in /home/pong/Projects/DUO/llm_code_generator.py.
Fixed shebang and permissions in /home/pong/Projects/DUO/llm_code_generator.py.
Fixed imports in /home/pong/Projects/DUO/start_nexus.py.
Fixed shebang and permissions in /home/pong/Projects/DUO/start_nexus.py.
Fixed imports in /home/pong/Projects/DUO/heal_project.py.
Fixed shebang and permissions in /home/pong/Projects/DUO/heal_project.py.
Fixed imports in /home/pong/Projects/DUO/scribe0.py.
Fixed shebang and permissions in /home/pong/Projects/DUO/scribe0.py.
Fixed imports in /home/pong/Projects/DUO/omnitide_vscode_bridge.py.
Fixed shebang and permissions in /home/pong/Projects/DUO/omnitide_vscode_bridge.py.
Fixed imports in /home/pong/Projects/DUO/exworkagent0.py.
Fixed shebang and permissions in /home/pong/Projects/DUO/exworkagent0.py.
Fixed imports in /home/pong/Projects/DUO/vectorize_constitution.py.
Fixed shebang and permissions in /home/pong/Projects/DUO/vectorize_constitution.py.
Fixed imports in /home/pong/Projects/DUO/scripts/check_alignment.py.
Saved undo snapshot for 1251 files.
Cleaned all __pycache__ and .pyc files.
Fixed imports in /home/pong/Projects/DUO/llm_code_generator.py.
Fixed shebang and permissions in /home/pong/Projects/DUO/llm_code_generator.py.
Fixed imports in /home/pong/Projects/DUO/start_nexus.py.
Fixed shebang and permissions in /home/pong/Projects/DUO/start_nexus.py.
Fixed imports in /home/pong/Projects/DUO/heal_project.py.
Fixed shebang and permissions in /home/pong/Projects/DUO/heal_project.py.
Fixed imports in /home/pong/Projects/DUO/scribe0.py.
Fixed shebang and permissions in /home/pong/Projects/DUO/scribe0.py.
Fixed imports in /home/pong/Projects/DUO/omnitide_vscode_bridge.py.
Fixed shebang and permissions in /home/pong/Projects/DUO/omnitide_vscode_bridge.py.
Fixed imports in /home/pong/Projects/DUO/exworkagent0.py.
Fixed shebang and permissions in /home/pong/Projects/DUO/exworkagent0.py.
Fixed imports in /home/pong/Projects/DUO/vectorize_constitution.py.
Fixed shebang and permissions in /home/pong/Projects/DUO/vectorize_constitution.py.
Fixed imports in /home/pong/Projects/DUO/scripts/check_alignment.py.
